error[E0080]: evaluation of constant value failed
  --> tests/04-multiple-of-8bits.rs:53:1
   |
53 | #[bitfield]
   | ^^^^^^^^^^^ the evaluated program panicked at 'should be a multiple of 8 bits', $DIR/tests/04-multiple-of-8bits.rs:53:1
   |
   = note: this error originates in the macro `$crate::panic::panic_2021` which comes from the expansion of the macro `panic` (in Nightly builds, run with -Z macro-backtrace for more info)
